Archive member included to satisfy reference by file (symbol)

/usr/bin/../lib/gcc/arm-none-eabi/7.2.1/../../../../arm-none-eabi/lib/thumb/v7e-m/fpv5/hard/libc_nano.a(lib_a-exit.o)
                              /usr/bin/../lib/gcc/arm-none-eabi/7.2.1/../../../../arm-none-eabi/lib/thumb/v7e-m/fpv5/hard/crt0.o (exit)
/usr/bin/../lib/gcc/arm-none-eabi/7.2.1/../../../../arm-none-eabi/lib/thumb/v7e-m/fpv5/hard/libc_nano.a(lib_a-impure.o)
                              /usr/bin/../lib/gcc/arm-none-eabi/7.2.1/../../../../arm-none-eabi/lib/thumb/v7e-m/fpv5/hard/libc_nano.a(lib_a-exit.o) (_global_impure_ptr)
/usr/bin/../lib/gcc/arm-none-eabi/7.2.1/../../../../arm-none-eabi/lib/thumb/v7e-m/fpv5/hard/libc_nano.a(lib_a-init.o)
                              /usr/bin/../lib/gcc/arm-none-eabi/7.2.1/../../../../arm-none-eabi/lib/thumb/v7e-m/fpv5/hard/crt0.o (__libc_init_array)
/usr/bin/../lib/gcc/arm-none-eabi/7.2.1/../../../../arm-none-eabi/lib/thumb/v7e-m/fpv5/hard/libc_nano.a(lib_a-memset.o)
                              /usr/bin/../lib/gcc/arm-none-eabi/7.2.1/../../../../arm-none-eabi/lib/thumb/v7e-m/fpv5/hard/crt0.o (memset)
/usr/bin/../lib/gcc/arm-none-eabi/7.2.1/../../../../arm-none-eabi/lib/thumb/v7e-m/fpv5/hard/libnosys.a(_exit.o)
                              /usr/bin/../lib/gcc/arm-none-eabi/7.2.1/../../../../arm-none-eabi/lib/thumb/v7e-m/fpv5/hard/libc_nano.a(lib_a-exit.o) (_exit)

Discarded input sections

 .text          0x0000000000000000        0x0 /usr/bin/../lib/gcc/arm-none-eabi/7.2.1/thumb/v7e-m/fpv5/hard/crti.o
 .data          0x0000000000000000        0x0 /usr/bin/../lib/gcc/arm-none-eabi/7.2.1/thumb/v7e-m/fpv5/hard/crti.o
 .bss           0x0000000000000000        0x0 /usr/bin/../lib/gcc/arm-none-eabi/7.2.1/thumb/v7e-m/fpv5/hard/crti.o
 .data          0x0000000000000000        0x4 /usr/bin/../lib/gcc/arm-none-eabi/7.2.1/thumb/v7e-m/fpv5/hard/crtbegin.o
 .text          0x0000000000000000       0x74 /usr/bin/../lib/gcc/arm-none-eabi/7.2.1/../../../../arm-none-eabi/lib/thumb/v7e-m/fpv5/hard/crt0.o
 .data          0x0000000000000000        0x0 /usr/bin/../lib/gcc/arm-none-eabi/7.2.1/../../../../arm-none-eabi/lib/thumb/v7e-m/fpv5/hard/crt0.o
 .bss           0x0000000000000000        0x0 /usr/bin/../lib/gcc/arm-none-eabi/7.2.1/../../../../arm-none-eabi/lib/thumb/v7e-m/fpv5/hard/crt0.o
 .ARM.extab     0x0000000000000000        0x0 /usr/bin/../lib/gcc/arm-none-eabi/7.2.1/../../../../arm-none-eabi/lib/thumb/v7e-m/fpv5/hard/crt0.o
 .ARM.exidx     0x0000000000000000        0x8 /usr/bin/../lib/gcc/arm-none-eabi/7.2.1/../../../../arm-none-eabi/lib/thumb/v7e-m/fpv5/hard/crt0.o
 .ARM.attributes
                0x0000000000000000       0x1e /usr/bin/../lib/gcc/arm-none-eabi/7.2.1/../../../../arm-none-eabi/lib/thumb/v7e-m/fpv5/hard/crt0.o
 .text          0x0000000000000000        0x0 build/stm32f7xx_ll_rcc.o
 .data          0x0000000000000000        0x0 build/stm32f7xx_ll_rcc.o
 .bss           0x0000000000000000        0x0 build/stm32f7xx_ll_rcc.o
 .text.LL_RCC_DeInit
                0x0000000000000000       0x88 build/stm32f7xx_ll_rcc.o
 .text.LL_RCC_GetCECClockFreq
                0x0000000000000000       0x38 build/stm32f7xx_ll_rcc.o
 .text.RCC_GetHCLKClockFreq
                0x0000000000000000       0x18 build/stm32f7xx_ll_rcc.o
 .text.RCC_GetPCLK1ClockFreq
                0x0000000000000000       0x18 build/stm32f7xx_ll_rcc.o
 .text.RCC_GetPCLK2ClockFreq
                0x0000000000000000       0x18 build/stm32f7xx_ll_rcc.o
 .text.RCC_PLL_GetFreqDomain_SYS
                0x0000000000000000       0x44 build/stm32f7xx_ll_rcc.o
 .text.RCC_GetSystemClockFreq
                0x0000000000000000       0x2c build/stm32f7xx_ll_rcc.o
 .text.LL_RCC_GetSystemClocksFreq
                0x0000000000000000       0x20 build/stm32f7xx_ll_rcc.o
 .text.LL_RCC_GetUSARTClockFreq
                0x0000000000000000      0x194 build/stm32f7xx_ll_rcc.o
 .text.LL_RCC_GetUARTClockFreq
                0x0000000000000000      0x19c build/stm32f7xx_ll_rcc.o
 .text.LL_RCC_GetI2CClockFreq
                0x0000000000000000      0x130 build/stm32f7xx_ll_rcc.o
 .text.LL_RCC_GetLPTIMClockFreq
                0x0000000000000000       0x78 build/stm32f7xx_ll_rcc.o
 .text.LL_RCC_GetDFSDMClockFreq
                0x0000000000000000       0x28 build/stm32f7xx_ll_rcc.o
 .text.RCC_PLL_GetFreqDomain_48M
                0x0000000000000000       0x40 build/stm32f7xx_ll_rcc.o
 .text.RCC_PLLSAI_GetFreqDomain_SAI
                0x0000000000000000       0x50 build/stm32f7xx_ll_rcc.o
 .text.RCC_PLLSAI_GetFreqDomain_48M
                0x0000000000000000       0x48 build/stm32f7xx_ll_rcc.o
 .text.LL_RCC_GetSDMMCClockFreq
                0x0000000000000000       0xa4 build/stm32f7xx_ll_rcc.o
 .text.LL_RCC_GetRNGClockFreq
                0x0000000000000000       0x38 build/stm32f7xx_ll_rcc.o
 .text.LL_RCC_GetUSBClockFreq
                0x0000000000000000       0x38 build/stm32f7xx_ll_rcc.o
 .text.RCC_PLLSAI_GetFreqDomain_LTDC
                0x0000000000000000       0x58 build/stm32f7xx_ll_rcc.o
 .text.LL_RCC_GetLTDCClockFreq
                0x0000000000000000       0x1c build/stm32f7xx_ll_rcc.o
 .text.RCC_PLLI2S_GetFreqDomain_SAI
                0x0000000000000000       0x50 build/stm32f7xx_ll_rcc.o
 .text.LL_RCC_GetSAIClockFreq
                0x0000000000000000      0x11c build/stm32f7xx_ll_rcc.o
 .text.LL_RCC_GetDFSDMAudioClockFreq
                0x0000000000000000       0x24 build/stm32f7xx_ll_rcc.o
 .text.RCC_PLLI2S_GetFreqDomain_SPDIFRX
                0x0000000000000000       0x48 build/stm32f7xx_ll_rcc.o
 .text.LL_RCC_GetSPDIFRXClockFreq
                0x0000000000000000       0x1c build/stm32f7xx_ll_rcc.o
 .text.RCC_PLLI2S_GetFreqDomain_I2S
                0x0000000000000000       0x44 build/stm32f7xx_ll_rcc.o
 .text.LL_RCC_GetI2SClockFreq
                0x0000000000000000       0x34 build/stm32f7xx_ll_rcc.o
 .rodata.aRCC_PLLSAIDIVRPrescTable
                0x0000000000000000        0x4 build/stm32f7xx_ll_rcc.o
 .debug_info    0x0000000000000000     0x1913 build/stm32f7xx_ll_rcc.o
 .debug_abbrev  0x0000000000000000      0x26e build/stm32f7xx_ll_rcc.o
 .debug_loc     0x0000000000000000     0x1151 build/stm32f7xx_ll_rcc.o
 .debug_aranges
                0x0000000000000000       0xf8 build/stm32f7xx_ll_rcc.o
 .debug_ranges  0x0000000000000000       0xe8 build/stm32f7xx_ll_rcc.o
 .debug_line    0x0000000000000000      0xace build/stm32f7xx_ll_rcc.o
 .debug_str     0x0000000000000000      0xbde build/stm32f7xx_ll_rcc.o
 .comment       0x0000000000000000       0x7f build/stm32f7xx_ll_rcc.o
 .debug_frame   0x0000000000000000      0x284 build/stm32f7xx_ll_rcc.o
 .ARM.attributes
                0x0000000000000000       0x37 build/stm32f7xx_ll_rcc.o
 .text          0x0000000000000000        0x0 build/stm32f7xx_ll_exti.o
 .data          0x0000000000000000        0x0 build/stm32f7xx_ll_exti.o
 .bss           0x0000000000000000        0x0 build/stm32f7xx_ll_exti.o
 .text.LL_EXTI_DeInit
                0x0000000000000000       0x1c build/stm32f7xx_ll_exti.o
 .text.LL_EXTI_Init
                0x0000000000000000       0xdc build/stm32f7xx_ll_exti.o
 .text.LL_EXTI_StructInit
                0x0000000000000000        0xe build/stm32f7xx_ll_exti.o
 .debug_info    0x0000000000000000      0x50e build/stm32f7xx_ll_exti.o
 .debug_abbrev  0x0000000000000000      0x1c5 build/stm32f7xx_ll_exti.o
 .debug_loc     0x0000000000000000      0x2fe build/stm32f7xx_ll_exti.o
 .debug_aranges
                0x0000000000000000       0x30 build/stm32f7xx_ll_exti.o
 .debug_ranges  0x0000000000000000       0x20 build/stm32f7xx_ll_exti.o
 .debug_line    0x0000000000000000      0x274 build/stm32f7xx_ll_exti.o
 .debug_str     0x0000000000000000      0x3ad build/stm32f7xx_ll_exti.o
 .comment       0x0000000000000000       0x7f build/stm32f7xx_ll_exti.o
 .debug_frame   0x0000000000000000       0x58 build/stm32f7xx_ll_exti.o
 .ARM.attributes
                0x0000000000000000       0x37 build/stm32f7xx_ll_exti.o
 .text          0x0000000000000000        0x0 build/system_stm32f7xx.o
 .data          0x0000000000000000        0x0 build/system_stm32f7xx.o
 .bss           0x0000000000000000        0x0 build/system_stm32f7xx.o
 .text.SystemCoreClockUpdate
                0x0000000000000000       0xa0 build/system_stm32f7xx.o
 .rodata.AHBPrescTable
                0x0000000000000000       0x10 build/system_stm32f7xx.o
 .rodata.APBPrescTable
                0x0000000000000000        0x8 build/system_stm32f7xx.o
 .text          0x0000000000000000        0x0 build/stm32f7xx_it.o
 .data          0x0000000000000000        0x0 build/stm32f7xx_it.o
 .bss           0x0000000000000000        0x0 build/stm32f7xx_it.o
 .text          0x0000000000000000        0x0 build/stm32f7xx_ll_gpio.o
 .data          0x0000000000000000        0x0 build/stm32f7xx_ll_gpio.o
 .bss           0x0000000000000000        0x0 build/stm32f7xx_ll_gpio.o
 .text.LL_GPIO_DeInit
                0x0000000000000000      0x17c build/stm32f7xx_ll_gpio.o
 .text.LL_GPIO_StructInit
                0x0000000000000000       0x16 build/stm32f7xx_ll_gpio.o
 .text          0x0000000000000000        0x0 build/stm32f7xx_ll_utils.o
 .data          0x0000000000000000        0x0 build/stm32f7xx_ll_utils.o
 .bss           0x0000000000000000        0x0 build/stm32f7xx_ll_utils.o
 .text.UTILS_SetFlashLatency
                0x0000000000000000      0x148 build/stm32f7xx_ll_utils.o
 .text.UTILS_GetPLLOutputFrequency
                0x0000000000000000       0x20 build/stm32f7xx_ll_utils.o
 .text.UTILS_PLL_IsBusy
                0x0000000000000000       0x30 build/stm32f7xx_ll_utils.o
 .text.LL_mDelay
                0x0000000000000000       0x2c build/stm32f7xx_ll_utils.o
 .text.UTILS_EnablePLLAndSwitchSystem
                0x0000000000000000       0xac build/stm32f7xx_ll_utils.o
 .text.LL_PLL_ConfigSystemClock_HSI
                0x0000000000000000       0x64 build/stm32f7xx_ll_utils.o
 .text.LL_PLL_ConfigSystemClock_HSE
                0x0000000000000000       0x84 build/stm32f7xx_ll_utils.o
 .text          0x0000000000000000        0x0 build/main.o
 .data          0x0000000000000000        0x0 build/main.o
 .bss           0x0000000000000000        0x0 build/main.o
 .text          0x0000000000000000       0x14 build/startup_stm32f767xx.o
 .data          0x0000000000000000        0x0 build/startup_stm32f767xx.o
 .bss           0x0000000000000000        0x0 build/startup_stm32f767xx.o
 .text          0x0000000000000000        0x0 /usr/bin/../lib/gcc/arm-none-eabi/7.2.1/../../../../arm-none-eabi/lib/thumb/v7e-m/fpv5/hard/libc_nano.a(lib_a-exit.o)
 .data          0x0000000000000000        0x0 /usr/bin/../lib/gcc/arm-none-eabi/7.2.1/../../../../arm-none-eabi/lib/thumb/v7e-m/fpv5/hard/libc_nano.a(lib_a-exit.o)
 .bss           0x0000000000000000        0x0 /usr/bin/../lib/gcc/arm-none-eabi/7.2.1/../../../../arm-none-eabi/lib/thumb/v7e-m/fpv5/hard/libc_nano.a(lib_a-exit.o)
 .text.exit     0x0000000000000000       0x28 /usr/bin/../lib/gcc/arm-none-eabi/7.2.1/../../../../arm-none-eabi/lib/thumb/v7e-m/fpv5/hard/libc_nano.a(lib_a-exit.o)
 .debug_frame   0x0000000000000000       0x28 /usr/bin/../lib/gcc/arm-none-eabi/7.2.1/../../../../arm-none-eabi/lib/thumb/v7e-m/fpv5/hard/libc_nano.a(lib_a-exit.o)
 .ARM.attributes
                0x0000000000000000       0x32 /usr/bin/../lib/gcc/arm-none-eabi/7.2.1/../../../../arm-none-eabi/lib/thumb/v7e-m/fpv5/hard/libc_nano.a(lib_a-exit.o)
 .text          0x0000000000000000        0x0 /usr/bin/../lib/gcc/arm-none-eabi/7.2.1/../../../../arm-none-eabi/lib/thumb/v7e-m/fpv5/hard/libc_nano.a(lib_a-impure.o)
 .data          0x0000000000000000        0x0 /usr/bin/../lib/gcc/arm-none-eabi/7.2.1/../../../../arm-none-eabi/lib/thumb/v7e-m/fpv5/hard/libc_nano.a(lib_a-impure.o)
 .bss           0x0000000000000000        0x0 /usr/bin/../lib/gcc/arm-none-eabi/7.2.1/../../../../arm-none-eabi/lib/thumb/v7e-m/fpv5/hard/libc_nano.a(lib_a-impure.o)
 .data._impure_ptr
                0x0000000000000000        0x4 /usr/bin/../lib/gcc/arm-none-eabi/7.2.1/../../../../arm-none-eabi/lib/thumb/v7e-m/fpv5/hard/libc_nano.a(lib_a-impure.o)
 .data.impure_data
                0x0000000000000000       0x60 /usr/bin/../lib/gcc/arm-none-eabi/7.2.1/../../../../arm-none-eabi/lib/thumb/v7e-m/fpv5/hard/libc_nano.a(lib_a-impure.o)
 .rodata._global_impure_ptr
                0x0000000000000000        0x4 /usr/bin/../lib/gcc/arm-none-eabi/7.2.1/../../../../arm-none-eabi/lib/thumb/v7e-m/fpv5/hard/libc_nano.a(lib_a-impure.o)
 .ARM.attributes
                0x0000000000000000       0x32 /usr/bin/../lib/gcc/arm-none-eabi/7.2.1/../../../../arm-none-eabi/lib/thumb/v7e-m/fpv5/hard/libc_nano.a(lib_a-impure.o)
 .text          0x0000000000000000        0x0 /usr/bin/../lib/gcc/arm-none-eabi/7.2.1/../../../../arm-none-eabi/lib/thumb/v7e-m/fpv5/hard/libc_nano.a(lib_a-init.o)
 .data          0x0000000000000000        0x0 /usr/bin/../lib/gcc/arm-none-eabi/7.2.1/../../../../arm-none-eabi/lib/thumb/v7e-m/fpv5/hard/libc_nano.a(lib_a-init.o)
 .bss           0x0000000000000000        0x0 /usr/bin/../lib/gcc/arm-none-eabi/7.2.1/../../../../arm-none-eabi/lib/thumb/v7e-m/fpv5/hard/libc_nano.a(lib_a-init.o)
 .text          0x0000000000000000        0x0 /usr/bin/../lib/gcc/arm-none-eabi/7.2.1/../../../../arm-none-eabi/lib/thumb/v7e-m/fpv5/hard/libc_nano.a(lib_a-memset.o)
 .data          0x0000000000000000        0x0 /usr/bin/../lib/gcc/arm-none-eabi/7.2.1/../../../../arm-none-eabi/lib/thumb/v7e-m/fpv5/hard/libc_nano.a(lib_a-memset.o)
 .bss           0x0000000000000000        0x0 /usr/bin/../lib/gcc/arm-none-eabi/7.2.1/../../../../arm-none-eabi/lib/thumb/v7e-m/fpv5/hard/libc_nano.a(lib_a-memset.o)
 .text.memset   0x0000000000000000       0x10 /usr/bin/../lib/gcc/arm-none-eabi/7.2.1/../../../../arm-none-eabi/lib/thumb/v7e-m/fpv5/hard/libc_nano.a(lib_a-memset.o)
 .debug_frame   0x0000000000000000       0x20 /usr/bin/../lib/gcc/arm-none-eabi/7.2.1/../../../../arm-none-eabi/lib/thumb/v7e-m/fpv5/hard/libc_nano.a(lib_a-memset.o)
 .ARM.attributes
                0x0000000000000000       0x32 /usr/bin/../lib/gcc/arm-none-eabi/7.2.1/../../../../arm-none-eabi/lib/thumb/v7e-m/fpv5/hard/libc_nano.a(lib_a-memset.o)
 .text          0x0000000000000000        0x0 /usr/bin/../lib/gcc/arm-none-eabi/7.2.1/../../../../arm-none-eabi/lib/thumb/v7e-m/fpv5/hard/libnosys.a(_exit.o)
 .data          0x0000000000000000        0x0 /usr/bin/../lib/gcc/arm-none-eabi/7.2.1/../../../../arm-none-eabi/lib/thumb/v7e-m/fpv5/hard/libnosys.a(_exit.o)
 .bss           0x0000000000000000        0x0 /usr/bin/../lib/gcc/arm-none-eabi/7.2.1/../../../../arm-none-eabi/lib/thumb/v7e-m/fpv5/hard/libnosys.a(_exit.o)
 .text._exit    0x0000000000000000        0x4 /usr/bin/../lib/gcc/arm-none-eabi/7.2.1/../../../../arm-none-eabi/lib/thumb/v7e-m/fpv5/hard/libnosys.a(_exit.o)
 .debug_frame   0x0000000000000000       0x20 /usr/bin/../lib/gcc/arm-none-eabi/7.2.1/../../../../arm-none-eabi/lib/thumb/v7e-m/fpv5/hard/libnosys.a(_exit.o)
 .ARM.attributes
                0x0000000000000000       0x32 /usr/bin/../lib/gcc/arm-none-eabi/7.2.1/../../../../arm-none-eabi/lib/thumb/v7e-m/fpv5/hard/libnosys.a(_exit.o)
 .text          0x0000000000000000        0x0 /usr/bin/../lib/gcc/arm-none-eabi/7.2.1/thumb/v7e-m/fpv5/hard/crtend.o
 .data          0x0000000000000000        0x0 /usr/bin/../lib/gcc/arm-none-eabi/7.2.1/thumb/v7e-m/fpv5/hard/crtend.o
 .bss           0x0000000000000000        0x0 /usr/bin/../lib/gcc/arm-none-eabi/7.2.1/thumb/v7e-m/fpv5/hard/crtend.o
 .eh_frame      0x0000000000000000        0x4 /usr/bin/../lib/gcc/arm-none-eabi/7.2.1/thumb/v7e-m/fpv5/hard/crtend.o
 .ARM.attributes
                0x0000000000000000       0x32 /usr/bin/../lib/gcc/arm-none-eabi/7.2.1/thumb/v7e-m/fpv5/hard/crtend.o
 .text          0x0000000000000000        0x0 /usr/bin/../lib/gcc/arm-none-eabi/7.2.1/thumb/v7e-m/fpv5/hard/crtn.o
 .data          0x0000000000000000        0x0 /usr/bin/../lib/gcc/arm-none-eabi/7.2.1/thumb/v7e-m/fpv5/hard/crtn.o
 .bss           0x0000000000000000        0x0 /usr/bin/../lib/gcc/arm-none-eabi/7.2.1/thumb/v7e-m/fpv5/hard/crtn.o

Memory Configuration

Name             Origin             Length             Attributes
RAM              0x0000000020000000 0x0000000000080000 xrw
FLASH            0x0000000008000000 0x0000000000200000 xr
*default*        0x0000000000000000 0xffffffffffffffff

Linker script and memory map

LOAD /usr/bin/../lib/gcc/arm-none-eabi/7.2.1/thumb/v7e-m/fpv5/hard/crti.o
LOAD /usr/bin/../lib/gcc/arm-none-eabi/7.2.1/thumb/v7e-m/fpv5/hard/crtbegin.o
LOAD /usr/bin/../lib/gcc/arm-none-eabi/7.2.1/../../../../arm-none-eabi/lib/thumb/v7e-m/fpv5/hard/crt0.o
LOAD build/stm32f7xx_ll_rcc.o
LOAD build/stm32f7xx_ll_exti.o
LOAD build/system_stm32f7xx.o
LOAD build/stm32f7xx_it.o
LOAD build/stm32f7xx_ll_gpio.o
LOAD build/stm32f7xx_ll_utils.o
LOAD build/main.o
LOAD build/startup_stm32f767xx.o
LOAD /usr/bin/../lib/gcc/arm-none-eabi/7.2.1/../../../../arm-none-eabi/lib/thumb/v7e-m/fpv5/hard/libc_nano.a
LOAD /usr/bin/../lib/gcc/arm-none-eabi/7.2.1/../../../../arm-none-eabi/lib/thumb/v7e-m/fpv5/hard/libm.a
LOAD /usr/bin/../lib/gcc/arm-none-eabi/7.2.1/../../../../arm-none-eabi/lib/thumb/v7e-m/fpv5/hard/libnosys.a
START GROUP
LOAD /usr/bin/../lib/gcc/arm-none-eabi/7.2.1/thumb/v7e-m/fpv5/hard/libgcc.a
LOAD /usr/bin/../lib/gcc/arm-none-eabi/7.2.1/../../../../arm-none-eabi/lib/thumb/v7e-m/fpv5/hard/libc_nano.a
END GROUP
START GROUP
LOAD /usr/bin/../lib/gcc/arm-none-eabi/7.2.1/thumb/v7e-m/fpv5/hard/libgcc.a
LOAD /usr/bin/../lib/gcc/arm-none-eabi/7.2.1/../../../../arm-none-eabi/lib/thumb/v7e-m/fpv5/hard/libc_nano.a
END GROUP
LOAD /usr/bin/../lib/gcc/arm-none-eabi/7.2.1/thumb/v7e-m/fpv5/hard/crtend.o
LOAD /usr/bin/../lib/gcc/arm-none-eabi/7.2.1/thumb/v7e-m/fpv5/hard/crtn.o
                0x0000000020080000                _estack = 0x20080000
                0x0000000000000200                _Min_Heap_Size = 0x200
                0x0000000000000400                _Min_Stack_Size = 0x400

.isr_vector     0x0000000008000000      0x1f8
                0x0000000008000000                . = ALIGN (0x4)
 *(.isr_vector)
 .isr_vector    0x0000000008000000      0x1f8 build/startup_stm32f767xx.o
                0x0000000008000000                g_pfnVectors
                0x00000000080001f8                . = ALIGN (0x4)

.text           0x00000000080001f8      0x474
                0x00000000080001f8                . = ALIGN (0x4)
 *(.text)
 .text          0x00000000080001f8       0x40 /usr/bin/../lib/gcc/arm-none-eabi/7.2.1/thumb/v7e-m/fpv5/hard/crtbegin.o
 *(.text*)
 .text.SystemInit
                0x0000000008000238       0x50 build/system_stm32f7xx.o
                0x0000000008000238                SystemInit
 .text.NMI_Handler
                0x0000000008000288        0x2 build/stm32f7xx_it.o
                0x0000000008000288                NMI_Handler
 .text.HardFault_Handler
                0x000000000800028a        0x2 build/stm32f7xx_it.o
                0x000000000800028a                HardFault_Handler
 .text.MemManage_Handler
                0x000000000800028c        0x2 build/stm32f7xx_it.o
                0x000000000800028c                MemManage_Handler
 .text.BusFault_Handler
                0x000000000800028e        0x2 build/stm32f7xx_it.o
                0x000000000800028e                BusFault_Handler
 .text.UsageFault_Handler
                0x0000000008000290        0x2 build/stm32f7xx_it.o
                0x0000000008000290                UsageFault_Handler
 .text.SVC_Handler
                0x0000000008000292        0x2 build/stm32f7xx_it.o
                0x0000000008000292                SVC_Handler
 .text.DebugMon_Handler
                0x0000000008000294        0x2 build/stm32f7xx_it.o
                0x0000000008000294                DebugMon_Handler
 .text.PendSV_Handler
                0x0000000008000296        0x2 build/stm32f7xx_it.o
                0x0000000008000296                PendSV_Handler
 .text.SysTick_Handler
                0x0000000008000298        0x2 build/stm32f7xx_it.o
                0x0000000008000298                SysTick_Handler
 .text.LL_GPIO_Init
                0x000000000800029a      0x132 build/stm32f7xx_ll_gpio.o
                0x000000000800029a                LL_GPIO_Init
 .text.LL_Init1msTick
                0x00000000080003cc       0x20 build/stm32f7xx_ll_utils.o
                0x00000000080003cc                LL_Init1msTick
 .text.LL_SetSystemCoreClock
                0x00000000080003ec        0xc build/stm32f7xx_ll_utils.o
                0x00000000080003ec                LL_SetSystemCoreClock
 .text.LL_Init  0x00000000080003f8       0x40 build/main.o
 .text.MX_GPIO_Init
                0x0000000008000438       0x48 build/main.o
 .text.Ms_delay
                0x0000000008000480       0x2c build/main.o
                0x0000000008000480                Ms_delay
 .text._Error_Handler
                0x00000000080004ac        0x2 build/main.o
                0x00000000080004ac                _Error_Handler
 *fill*         0x00000000080004ae        0x2 
 .text.SystemClock_Config
                0x00000000080004b0       0xc0 build/main.o
                0x00000000080004b0                SystemClock_Config
 .text.main     0x0000000008000570       0x48 build/main.o
                0x0000000008000570                main
 .text.Reset_Handler
                0x00000000080005b8       0x50 build/startup_stm32f767xx.o
                0x00000000080005b8                Reset_Handler
 .text.Default_Handler
                0x0000000008000608        0x2 build/startup_stm32f767xx.o
                0x0000000008000608                RTC_Alarm_IRQHandler
                0x0000000008000608                EXTI2_IRQHandler
                0x0000000008000608                TIM8_CC_IRQHandler
                0x0000000008000608                UART8_IRQHandler
                0x0000000008000608                SPI4_IRQHandler
                0x0000000008000608                TIM1_CC_IRQHandler
                0x0000000008000608                DMA2_Stream5_IRQHandler
                0x0000000008000608                JPEG_IRQHandler
                0x0000000008000608                DMA1_Stream5_IRQHandler
                0x0000000008000608                CAN3_RX1_IRQHandler
                0x0000000008000608                PVD_IRQHandler
                0x0000000008000608                TAMP_STAMP_IRQHandler
                0x0000000008000608                CAN2_RX1_IRQHandler
                0x0000000008000608                EXTI3_IRQHandler
                0x0000000008000608                TIM8_TRG_COM_TIM14_IRQHandler
                0x0000000008000608                DFSDM1_FLT1_IRQHandler
                0x0000000008000608                TIM1_UP_TIM10_IRQHandler
                0x0000000008000608                TIM8_UP_TIM13_IRQHandler
                0x0000000008000608                I2C3_ER_IRQHandler
                0x0000000008000608                DFSDM1_FLT2_IRQHandler
                0x0000000008000608                EXTI0_IRQHandler
                0x0000000008000608                I2C2_EV_IRQHandler
                0x0000000008000608                DMA1_Stream2_IRQHandler
                0x0000000008000608                CAN1_RX0_IRQHandler
                0x0000000008000608                FPU_IRQHandler
                0x0000000008000608                OTG_HS_WKUP_IRQHandler
                0x0000000008000608                CAN3_SCE_IRQHandler
                0x0000000008000608                LTDC_ER_IRQHandler
                0x0000000008000608                CAN2_SCE_IRQHandler
                0x0000000008000608                DMA2_Stream2_IRQHandler
                0x0000000008000608                SPI1_IRQHandler
                0x0000000008000608                TIM6_DAC_IRQHandler
                0x0000000008000608                TIM1_BRK_TIM9_IRQHandler
                0x0000000008000608                DCMI_IRQHandler
                0x0000000008000608                CAN2_RX0_IRQHandler
                0x0000000008000608                DMA2_Stream3_IRQHandler
                0x0000000008000608                SAI2_IRQHandler
                0x0000000008000608                DFSDM1_FLT3_IRQHandler
                0x0000000008000608                USART6_IRQHandler
                0x0000000008000608                CAN3_RX0_IRQHandler
                0x0000000008000608                USART3_IRQHandler
                0x0000000008000608                CAN1_RX1_IRQHandler
                0x0000000008000608                UART5_IRQHandler
                0x0000000008000608                DMA2_Stream0_IRQHandler
                0x0000000008000608                TIM4_IRQHandler
                0x0000000008000608                QUADSPI_IRQHandler
                0x0000000008000608                I2C1_EV_IRQHandler
                0x0000000008000608                DMA1_Stream6_IRQHandler
                0x0000000008000608                DMA1_Stream1_IRQHandler
                0x0000000008000608                UART4_IRQHandler
                0x0000000008000608                TIM3_IRQHandler
                0x0000000008000608                RCC_IRQHandler
                0x0000000008000608                TIM8_BRK_TIM12_IRQHandler
                0x0000000008000608                Default_Handler
                0x0000000008000608                CEC_IRQHandler
                0x0000000008000608                EXTI15_10_IRQHandler
                0x0000000008000608                ADC_IRQHandler
                0x0000000008000608                DMA1_Stream7_IRQHandler
                0x0000000008000608                SPI5_IRQHandler
                0x0000000008000608                TIM7_IRQHandler
                0x0000000008000608                SDMMC1_IRQHandler
                0x0000000008000608                CAN2_TX_IRQHandler
                0x0000000008000608                TIM5_IRQHandler
                0x0000000008000608                DMA2_Stream7_IRQHandler
                0x0000000008000608                I2C3_EV_IRQHandler
                0x0000000008000608                EXTI9_5_IRQHandler
                0x0000000008000608                RTC_WKUP_IRQHandler
                0x0000000008000608                LTDC_IRQHandler
                0x0000000008000608                ETH_WKUP_IRQHandler
                0x0000000008000608                SPDIF_RX_IRQHandler
                0x0000000008000608                SPI2_IRQHandler
                0x0000000008000608                OTG_HS_EP1_IN_IRQHandler
                0x0000000008000608                DMA1_Stream0_IRQHandler
                0x0000000008000608                CAN1_TX_IRQHandler
                0x0000000008000608                EXTI4_IRQHandler
                0x0000000008000608                RNG_IRQHandler
                0x0000000008000608                ETH_IRQHandler
                0x0000000008000608                OTG_HS_EP1_OUT_IRQHandler
                0x0000000008000608                WWDG_IRQHandler
                0x0000000008000608                SPI6_IRQHandler
                0x0000000008000608                MDIOS_IRQHandler
                0x0000000008000608                I2C4_EV_IRQHandler
                0x0000000008000608                CAN3_TX_IRQHandler
                0x0000000008000608                TIM2_IRQHandler
                0x0000000008000608                OTG_FS_WKUP_IRQHandler
                0x0000000008000608                TIM1_TRG_COM_TIM11_IRQHandler
                0x0000000008000608                OTG_HS_IRQHandler
                0x0000000008000608                DMA2D_IRQHandler
                0x0000000008000608                EXTI1_IRQHandler
                0x0000000008000608                SDMMC2_IRQHandler
                0x0000000008000608                UART7_IRQHandler
                0x0000000008000608                USART2_IRQHandler
                0x0000000008000608                DFSDM1_FLT0_IRQHandler
                0x0000000008000608                I2C2_ER_IRQHandler
                0x0000000008000608                DMA2_Stream1_IRQHandler
                0x0000000008000608                CAN1_SCE_IRQHandler
                0x0000000008000608                FLASH_IRQHandler
                0x0000000008000608                DMA2_Stream4_IRQHandler
                0x0000000008000608                USART1_IRQHandler
                0x0000000008000608                OTG_FS_IRQHandler
                0x0000000008000608                SPI3_IRQHandler
                0x0000000008000608                DMA1_Stream4_IRQHandler
                0x0000000008000608                I2C1_ER_IRQHandler
                0x0000000008000608                FMC_IRQHandler
                0x0000000008000608                LPTIM1_IRQHandler
                0x0000000008000608                I2C4_ER_IRQHandler
                0x0000000008000608                DMA2_Stream6_IRQHandler
                0x0000000008000608                SAI1_IRQHandler
                0x0000000008000608                DMA1_Stream3_IRQHandler
 *fill*         0x000000000800060a        0x2 
 .text.__libc_init_array
                0x000000000800060c       0x48 /usr/bin/../lib/gcc/arm-none-eabi/7.2.1/../../../../arm-none-eabi/lib/thumb/v7e-m/fpv5/hard/libc_nano.a(lib_a-init.o)
                0x000000000800060c                __libc_init_array
 *(.glue_7)
 .glue_7        0x0000000008000654        0x0 linker stubs
 *(.glue_7t)
 .glue_7t       0x0000000008000654        0x0 linker stubs
 *(.eh_frame)
 .eh_frame      0x0000000008000654        0x0 /usr/bin/../lib/gcc/arm-none-eabi/7.2.1/thumb/v7e-m/fpv5/hard/crtbegin.o
 *(.init)
 .init          0x0000000008000654        0x4 /usr/bin/../lib/gcc/arm-none-eabi/7.2.1/thumb/v7e-m/fpv5/hard/crti.o
                0x0000000008000654                _init
 .init          0x0000000008000658        0x8 /usr/bin/../lib/gcc/arm-none-eabi/7.2.1/thumb/v7e-m/fpv5/hard/crtn.o
 *(.fini)
 .fini          0x0000000008000660        0x4 /usr/bin/../lib/gcc/arm-none-eabi/7.2.1/thumb/v7e-m/fpv5/hard/crti.o
                0x0000000008000660                _fini
 .fini          0x0000000008000664        0x8 /usr/bin/../lib/gcc/arm-none-eabi/7.2.1/thumb/v7e-m/fpv5/hard/crtn.o
                0x000000000800066c                . = ALIGN (0x4)
                0x000000000800066c                _etext = .

.vfp11_veneer   0x000000000800066c        0x0
 .vfp11_veneer  0x000000000800066c        0x0 linker stubs

.v4_bx          0x000000000800066c        0x0
 .v4_bx         0x000000000800066c        0x0 linker stubs

.iplt           0x000000000800066c        0x0
 .iplt          0x000000000800066c        0x0 /usr/bin/../lib/gcc/arm-none-eabi/7.2.1/thumb/v7e-m/fpv5/hard/crtbegin.o

.rodata         0x000000000800066c        0xc
                0x000000000800066c                . = ALIGN (0x4)
 *(.rodata)
 *(.rodata*)
 .rodata.SystemClock_Config.str1.4
                0x000000000800066c        0xc build/main.o
                                          0xb (size before relaxing)
                0x0000000008000678                . = ALIGN (0x4)

.rel.dyn        0x0000000008000678        0x0
 .rel.iplt      0x0000000008000678        0x0 /usr/bin/../lib/gcc/arm-none-eabi/7.2.1/thumb/v7e-m/fpv5/hard/crtbegin.o

.ARM.extab
 *(.ARM.extab* .gnu.linkonce.armextab.*)

.ARM            0x0000000008000678        0x0
                0x0000000008000678                __exidx_start = .
 *(.ARM.exidx*)
                0x0000000008000678                __exidx_end = .

.preinit_array  0x0000000008000678        0x0
                0x0000000008000678                PROVIDE (__preinit_array_start, .)
 *(.preinit_array*)
                0x0000000008000678                PROVIDE (__preinit_array_end, .)

.init_array     0x0000000008000678        0x4
                0x0000000008000678                PROVIDE (__init_array_start, .)
 *(SORT_BY_NAME(.init_array.*))
 *(.init_array*)
 .init_array    0x0000000008000678        0x4 /usr/bin/../lib/gcc/arm-none-eabi/7.2.1/thumb/v7e-m/fpv5/hard/crtbegin.o
                0x000000000800067c                PROVIDE (__init_array_end, .)

.fini_array     0x000000000800067c        0x4
                [!provide]                        PROVIDE (__fini_array_start, .)
 *(SORT_BY_NAME(.fini_array.*))
 *(.fini_array*)
 .fini_array    0x000000000800067c        0x4 /usr/bin/../lib/gcc/arm-none-eabi/7.2.1/thumb/v7e-m/fpv5/hard/crtbegin.o
                [!provide]                        PROVIDE (__fini_array_end, .)
                0x0000000008000680                _sidata = LOADADDR (.data)

.data           0x0000000020000000        0x4 load address 0x0000000008000680
                0x0000000020000000                . = ALIGN (0x4)
                0x0000000020000000                _sdata = .
 *(.data)
 *(.data*)
 .data.SystemCoreClock
                0x0000000020000000        0x4 build/system_stm32f7xx.o
                0x0000000020000000                SystemCoreClock
                0x0000000020000004                . = ALIGN (0x4)
                0x0000000020000004                _edata = .

.igot.plt       0x0000000020000004        0x0 load address 0x0000000008000684
 .igot.plt      0x0000000020000004        0x0 /usr/bin/../lib/gcc/arm-none-eabi/7.2.1/thumb/v7e-m/fpv5/hard/crtbegin.o
                0x0000000020000004                . = ALIGN (0x4)

.bss            0x0000000020000004       0x1c load address 0x0000000008000684
                0x0000000020000004                _sbss = .
                0x0000000020000004                __bss_start__ = _sbss
 *(.bss)
 .bss           0x0000000020000004       0x1c /usr/bin/../lib/gcc/arm-none-eabi/7.2.1/thumb/v7e-m/fpv5/hard/crtbegin.o
 *(.bss*)
 *(COMMON)
                0x0000000020000020                . = ALIGN (0x4)
                0x0000000020000020                _ebss = .
                0x0000000020000020                __bss_end__ = _ebss

._user_heap_stack
                0x0000000020000020      0x600 load address 0x0000000008000684
                0x0000000020000020                . = ALIGN (0x8)
                [!provide]                        PROVIDE (end, .)
                [!provide]                        PROVIDE (_end, .)
                0x0000000020000220                . = (. + _Min_Heap_Size)
 *fill*         0x0000000020000020      0x200 
                0x0000000020000620                . = (. + _Min_Stack_Size)
 *fill*         0x0000000020000220      0x400 
                0x0000000020000620                . = ALIGN (0x8)

/DISCARD/
 libc.a(*)
 libm.a(*)
 libgcc.a(*)

.ARM.attributes
                0x0000000000000000       0x2e
 *(.ARM.attributes)
 .ARM.attributes
                0x0000000000000000       0x20 /usr/bin/../lib/gcc/arm-none-eabi/7.2.1/thumb/v7e-m/fpv5/hard/crti.o
 .ARM.attributes
                0x0000000000000020       0x32 /usr/bin/../lib/gcc/arm-none-eabi/7.2.1/thumb/v7e-m/fpv5/hard/crtbegin.o
 .ARM.attributes
                0x0000000000000052       0x37 build/system_stm32f7xx.o
 .ARM.attributes
                0x0000000000000089       0x37 build/stm32f7xx_it.o
 .ARM.attributes
                0x00000000000000c0       0x37 build/stm32f7xx_ll_gpio.o
 .ARM.attributes
                0x00000000000000f7       0x37 build/stm32f7xx_ll_utils.o
 .ARM.attributes
                0x000000000000012e       0x37 build/main.o
 .ARM.attributes
                0x0000000000000165       0x21 build/startup_stm32f767xx.o
 .ARM.attributes
                0x0000000000000186       0x32 /usr/bin/../lib/gcc/arm-none-eabi/7.2.1/../../../../arm-none-eabi/lib/thumb/v7e-m/fpv5/hard/libc_nano.a(lib_a-init.o)
 .ARM.attributes
                0x00000000000001b8       0x20 /usr/bin/../lib/gcc/arm-none-eabi/7.2.1/thumb/v7e-m/fpv5/hard/crtn.o
OUTPUT(build/F767ZI.elf elf32-littlearm)

.debug_info     0x0000000000000000     0x3870
 .debug_info    0x0000000000000000      0x7a9 build/system_stm32f7xx.o
 .debug_info    0x00000000000007a9      0x211 build/stm32f7xx_it.o
 .debug_info    0x00000000000009ba      0xc67 build/stm32f7xx_ll_gpio.o
 .debug_info    0x0000000000001621      0xc46 build/stm32f7xx_ll_utils.o
 .debug_info    0x0000000000002267     0x15e7 build/main.o
 .debug_info    0x000000000000384e       0x22 build/startup_stm32f767xx.o

.debug_abbrev   0x0000000000000000      0x9ba
 .debug_abbrev  0x0000000000000000      0x11d build/system_stm32f7xx.o
 .debug_abbrev  0x000000000000011d       0xa2 build/stm32f7xx_it.o
 .debug_abbrev  0x00000000000001bf      0x234 build/stm32f7xx_ll_gpio.o
 .debug_abbrev  0x00000000000003f3      0x29e build/stm32f7xx_ll_utils.o
 .debug_abbrev  0x0000000000000691      0x317 build/main.o
 .debug_abbrev  0x00000000000009a8       0x12 build/startup_stm32f767xx.o

.debug_loc      0x0000000000000000     0x1281
 .debug_loc     0x0000000000000000      0x16a build/system_stm32f7xx.o
 .debug_loc     0x000000000000016a      0x636 build/stm32f7xx_ll_gpio.o
 .debug_loc     0x00000000000007a0      0x732 build/stm32f7xx_ll_utils.o
 .debug_loc     0x0000000000000ed2      0x3af build/main.o

.debug_aranges  0x0000000000000000      0x188
 .debug_aranges
                0x0000000000000000       0x28 build/system_stm32f7xx.o
 .debug_aranges
                0x0000000000000028       0x60 build/stm32f7xx_it.o
 .debug_aranges
                0x0000000000000088       0x30 build/stm32f7xx_ll_gpio.o
 .debug_aranges
                0x00000000000000b8       0x60 build/stm32f7xx_ll_utils.o
 .debug_aranges
                0x0000000000000118       0x48 build/main.o
 .debug_aranges
                0x0000000000000160       0x28 build/startup_stm32f767xx.o

.debug_ranges   0x0000000000000000      0x148
 .debug_ranges  0x0000000000000000       0x18 build/system_stm32f7xx.o
 .debug_ranges  0x0000000000000018       0x50 build/stm32f7xx_it.o
 .debug_ranges  0x0000000000000068       0x20 build/stm32f7xx_ll_gpio.o
 .debug_ranges  0x0000000000000088       0x50 build/stm32f7xx_ll_utils.o
 .debug_ranges  0x00000000000000d8       0x50 build/main.o
 .debug_ranges  0x0000000000000128       0x20 build/startup_stm32f767xx.o

.debug_line     0x0000000000000000      0xe1c
 .debug_line    0x0000000000000000      0x152 build/system_stm32f7xx.o
 .debug_line    0x0000000000000152      0x1da build/stm32f7xx_it.o
 .debug_line    0x000000000000032c      0x35a build/stm32f7xx_ll_gpio.o
 .debug_line    0x0000000000000686      0x3df build/stm32f7xx_ll_utils.o
 .debug_line    0x0000000000000a65      0x343 build/main.o
 .debug_line    0x0000000000000da8       0x74 build/startup_stm32f767xx.o

.debug_str      0x0000000000000000     0x1332
 .debug_str     0x0000000000000000      0x3e7 build/system_stm32f7xx.o
                                        0x449 (size before relaxing)
 .debug_str     0x00000000000003e7       0xcf build/stm32f7xx_it.o
                                        0x28f (size before relaxing)
 .debug_str     0x00000000000004b6      0x1cb build/stm32f7xx_ll_gpio.o
                                        0x4c5 (size before relaxing)
 .debug_str     0x0000000000000681      0x434 build/stm32f7xx_ll_utils.o
                                        0x76c (size before relaxing)
 .debug_str     0x0000000000000ab5      0x858 build/main.o
                                        0xe8c (size before relaxing)
 .debug_str     0x000000000000130d       0x25 build/startup_stm32f767xx.o
                                         0x3a (size before relaxing)

.comment        0x0000000000000000       0x7e
 .comment       0x0000000000000000       0x7e build/system_stm32f7xx.o
                                         0x7f (size before relaxing)
 .comment       0x000000000000007e       0x7f build/stm32f7xx_it.o
 .comment       0x000000000000007e       0x7f build/stm32f7xx_ll_gpio.o
 .comment       0x000000000000007e       0x7f build/stm32f7xx_ll_utils.o
 .comment       0x000000000000007e       0x7f build/main.o

.debug_frame    0x0000000000000000      0x2ec
 .debug_frame   0x0000000000000000       0x3c build/system_stm32f7xx.o
 .debug_frame   0x000000000000003c       0xa0 build/stm32f7xx_it.o
 .debug_frame   0x00000000000000dc       0x60 build/stm32f7xx_ll_gpio.o
 .debug_frame   0x000000000000013c       0xe8 build/stm32f7xx_ll_utils.o
 .debug_frame   0x0000000000000224       0x9c build/main.o
 .debug_frame   0x00000000000002c0       0x2c /usr/bin/../lib/gcc/arm-none-eabi/7.2.1/../../../../arm-none-eabi/lib/thumb/v7e-m/fpv5/hard/libc_nano.a(lib_a-init.o)

Cross Reference Table

Symbol                                            File
ADC_IRQHandler                                    build/startup_stm32f767xx.o
AHBPrescTable                                     build/system_stm32f7xx.o
                                                  build/stm32f7xx_ll_utils.o
                                                  build/stm32f7xx_ll_rcc.o
APBPrescTable                                     build/system_stm32f7xx.o
                                                  build/stm32f7xx_ll_rcc.o
BusFault_Handler                                  build/stm32f7xx_it.o
CAN1_RX0_IRQHandler                               build/startup_stm32f767xx.o
CAN1_RX1_IRQHandler                               build/startup_stm32f767xx.o
CAN1_SCE_IRQHandler                               build/startup_stm32f767xx.o
CAN1_TX_IRQHandler                                build/startup_stm32f767xx.o
CAN2_RX0_IRQHandler                               build/startup_stm32f767xx.o
CAN2_RX1_IRQHandler                               build/startup_stm32f767xx.o
CAN2_SCE_IRQHandler                               build/startup_stm32f767xx.o
CAN2_TX_IRQHandler                                build/startup_stm32f767xx.o
CAN3_RX0_IRQHandler                               build/startup_stm32f767xx.o
CAN3_RX1_IRQHandler                               build/startup_stm32f767xx.o
CAN3_SCE_IRQHandler                               build/startup_stm32f767xx.o
CAN3_TX_IRQHandler                                build/startup_stm32f767xx.o
CEC_IRQHandler                                    build/startup_stm32f767xx.o
DCMI_IRQHandler                                   build/startup_stm32f767xx.o
DFSDM1_FLT0_IRQHandler                            build/startup_stm32f767xx.o
DFSDM1_FLT1_IRQHandler                            build/startup_stm32f767xx.o
DFSDM1_FLT2_IRQHandler                            build/startup_stm32f767xx.o
DFSDM1_FLT3_IRQHandler                            build/startup_stm32f767xx.o
DMA1_Stream0_IRQHandler                           build/startup_stm32f767xx.o
DMA1_Stream1_IRQHandler                           build/startup_stm32f767xx.o
DMA1_Stream2_IRQHandler                           build/startup_stm32f767xx.o
DMA1_Stream3_IRQHandler                           build/startup_stm32f767xx.o
DMA1_Stream4_IRQHandler                           build/startup_stm32f767xx.o
DMA1_Stream5_IRQHandler                           build/startup_stm32f767xx.o
DMA1_Stream6_IRQHandler                           build/startup_stm32f767xx.o
DMA1_Stream7_IRQHandler                           build/startup_stm32f767xx.o
DMA2D_IRQHandler                                  build/startup_stm32f767xx.o
DMA2_Stream0_IRQHandler                           build/startup_stm32f767xx.o
DMA2_Stream1_IRQHandler                           build/startup_stm32f767xx.o
DMA2_Stream2_IRQHandler                           build/startup_stm32f767xx.o
DMA2_Stream3_IRQHandler                           build/startup_stm32f767xx.o
DMA2_Stream4_IRQHandler                           build/startup_stm32f767xx.o
DMA2_Stream5_IRQHandler                           build/startup_stm32f767xx.o
DMA2_Stream6_IRQHandler                           build/startup_stm32f767xx.o
DMA2_Stream7_IRQHandler                           build/startup_stm32f767xx.o
DebugMon_Handler                                  build/stm32f7xx_it.o
Default_Handler                                   build/startup_stm32f767xx.o
ETH_IRQHandler                                    build/startup_stm32f767xx.o
ETH_WKUP_IRQHandler                               build/startup_stm32f767xx.o
EXTI0_IRQHandler                                  build/startup_stm32f767xx.o
EXTI15_10_IRQHandler                              build/startup_stm32f767xx.o
EXTI1_IRQHandler                                  build/startup_stm32f767xx.o
EXTI2_IRQHandler                                  build/startup_stm32f767xx.o
EXTI3_IRQHandler                                  build/startup_stm32f767xx.o
EXTI4_IRQHandler                                  build/startup_stm32f767xx.o
EXTI9_5_IRQHandler                                build/startup_stm32f767xx.o
FLASH_IRQHandler                                  build/startup_stm32f767xx.o
FMC_IRQHandler                                    build/startup_stm32f767xx.o
FPU_IRQHandler                                    build/startup_stm32f767xx.o
HardFault_Handler                                 build/stm32f7xx_it.o
I2C1_ER_IRQHandler                                build/startup_stm32f767xx.o
I2C1_EV_IRQHandler                                build/startup_stm32f767xx.o
I2C2_ER_IRQHandler                                build/startup_stm32f767xx.o
I2C2_EV_IRQHandler                                build/startup_stm32f767xx.o
I2C3_ER_IRQHandler                                build/startup_stm32f767xx.o
I2C3_EV_IRQHandler                                build/startup_stm32f767xx.o
I2C4_ER_IRQHandler                                build/startup_stm32f767xx.o
I2C4_EV_IRQHandler                                build/startup_stm32f767xx.o
JPEG_IRQHandler                                   build/startup_stm32f767xx.o
LL_EXTI_DeInit                                    build/stm32f7xx_ll_exti.o
LL_EXTI_Init                                      build/stm32f7xx_ll_exti.o
LL_EXTI_StructInit                                build/stm32f7xx_ll_exti.o
LL_GPIO_DeInit                                    build/stm32f7xx_ll_gpio.o
LL_GPIO_Init                                      build/stm32f7xx_ll_gpio.o
                                                  build/main.o
LL_GPIO_StructInit                                build/stm32f7xx_ll_gpio.o
LL_Init1msTick                                    build/stm32f7xx_ll_utils.o
                                                  build/main.o
LL_PLL_ConfigSystemClock_HSE                      build/stm32f7xx_ll_utils.o
LL_PLL_ConfigSystemClock_HSI                      build/stm32f7xx_ll_utils.o
LL_RCC_DeInit                                     build/stm32f7xx_ll_rcc.o
LL_RCC_GetCECClockFreq                            build/stm32f7xx_ll_rcc.o
LL_RCC_GetDFSDMAudioClockFreq                     build/stm32f7xx_ll_rcc.o
LL_RCC_GetDFSDMClockFreq                          build/stm32f7xx_ll_rcc.o
LL_RCC_GetI2CClockFreq                            build/stm32f7xx_ll_rcc.o
LL_RCC_GetI2SClockFreq                            build/stm32f7xx_ll_rcc.o
LL_RCC_GetLPTIMClockFreq                          build/stm32f7xx_ll_rcc.o
LL_RCC_GetLTDCClockFreq                           build/stm32f7xx_ll_rcc.o
LL_RCC_GetRNGClockFreq                            build/stm32f7xx_ll_rcc.o
LL_RCC_GetSAIClockFreq                            build/stm32f7xx_ll_rcc.o
LL_RCC_GetSDMMCClockFreq                          build/stm32f7xx_ll_rcc.o
LL_RCC_GetSPDIFRXClockFreq                        build/stm32f7xx_ll_rcc.o
LL_RCC_GetSystemClocksFreq                        build/stm32f7xx_ll_rcc.o
LL_RCC_GetUARTClockFreq                           build/stm32f7xx_ll_rcc.o
LL_RCC_GetUSARTClockFreq                          build/stm32f7xx_ll_rcc.o
LL_RCC_GetUSBClockFreq                            build/stm32f7xx_ll_rcc.o
LL_SetSystemCoreClock                             build/stm32f7xx_ll_utils.o
                                                  build/main.o
LL_mDelay                                         build/stm32f7xx_ll_utils.o
LPTIM1_IRQHandler                                 build/startup_stm32f767xx.o
LTDC_ER_IRQHandler                                build/startup_stm32f767xx.o
LTDC_IRQHandler                                   build/startup_stm32f767xx.o
MDIOS_IRQHandler                                  build/startup_stm32f767xx.o
MemManage_Handler                                 build/stm32f7xx_it.o
Ms_delay                                          build/main.o
NMI_Handler                                       build/stm32f7xx_it.o
OTG_FS_IRQHandler                                 build/startup_stm32f767xx.o
OTG_FS_WKUP_IRQHandler                            build/startup_stm32f767xx.o
OTG_HS_EP1_IN_IRQHandler                          build/startup_stm32f767xx.o
OTG_HS_EP1_OUT_IRQHandler                         build/startup_stm32f767xx.o
OTG_HS_IRQHandler                                 build/startup_stm32f767xx.o
OTG_HS_WKUP_IRQHandler                            build/startup_stm32f767xx.o
PVD_IRQHandler                                    build/startup_stm32f767xx.o
PendSV_Handler                                    build/stm32f7xx_it.o
QUADSPI_IRQHandler                                build/startup_stm32f767xx.o
RCC_GetHCLKClockFreq                              build/stm32f7xx_ll_rcc.o
RCC_GetPCLK1ClockFreq                             build/stm32f7xx_ll_rcc.o
RCC_GetPCLK2ClockFreq                             build/stm32f7xx_ll_rcc.o
RCC_GetSystemClockFreq                            build/stm32f7xx_ll_rcc.o
RCC_IRQHandler                                    build/startup_stm32f767xx.o
RCC_PLLI2S_GetFreqDomain_I2S                      build/stm32f7xx_ll_rcc.o
RCC_PLLI2S_GetFreqDomain_SAI                      build/stm32f7xx_ll_rcc.o
RCC_PLLI2S_GetFreqDomain_SPDIFRX                  build/stm32f7xx_ll_rcc.o
RCC_PLLSAI_GetFreqDomain_48M                      build/stm32f7xx_ll_rcc.o
RCC_PLLSAI_GetFreqDomain_LTDC                     build/stm32f7xx_ll_rcc.o
RCC_PLLSAI_GetFreqDomain_SAI                      build/stm32f7xx_ll_rcc.o
RCC_PLL_GetFreqDomain_48M                         build/stm32f7xx_ll_rcc.o
RCC_PLL_GetFreqDomain_SYS                         build/stm32f7xx_ll_rcc.o
RNG_IRQHandler                                    build/startup_stm32f767xx.o
RTC_Alarm_IRQHandler                              build/startup_stm32f767xx.o
RTC_WKUP_IRQHandler                               build/startup_stm32f767xx.o
Reset_Handler                                     build/startup_stm32f767xx.o
SAI1_IRQHandler                                   build/startup_stm32f767xx.o
SAI2_IRQHandler                                   build/startup_stm32f767xx.o
SDMMC1_IRQHandler                                 build/startup_stm32f767xx.o
SDMMC2_IRQHandler                                 build/startup_stm32f767xx.o
SPDIF_RX_IRQHandler                               build/startup_stm32f767xx.o
SPI1_IRQHandler                                   build/startup_stm32f767xx.o
SPI2_IRQHandler                                   build/startup_stm32f767xx.o
SPI3_IRQHandler                                   build/startup_stm32f767xx.o
SPI4_IRQHandler                                   build/startup_stm32f767xx.o
SPI5_IRQHandler                                   build/startup_stm32f767xx.o
SPI6_IRQHandler                                   build/startup_stm32f767xx.o
SVC_Handler                                       build/stm32f7xx_it.o
SysTick_Handler                                   build/stm32f7xx_it.o
SystemClock_Config                                build/main.o
SystemCoreClock                                   build/system_stm32f7xx.o
                                                  build/stm32f7xx_ll_utils.o
SystemCoreClockUpdate                             build/system_stm32f7xx.o
SystemInit                                        build/system_stm32f7xx.o
                                                  build/startup_stm32f767xx.o
TAMP_STAMP_IRQHandler                             build/startup_stm32f767xx.o
TIM1_BRK_TIM9_IRQHandler                          build/startup_stm32f767xx.o
TIM1_CC_IRQHandler                                build/startup_stm32f767xx.o
TIM1_TRG_COM_TIM11_IRQHandler                     build/startup_stm32f767xx.o
TIM1_UP_TIM10_IRQHandler                          build/startup_stm32f767xx.o
TIM2_IRQHandler                                   build/startup_stm32f767xx.o
TIM3_IRQHandler                                   build/startup_stm32f767xx.o
TIM4_IRQHandler                                   build/startup_stm32f767xx.o
TIM5_IRQHandler                                   build/startup_stm32f767xx.o
TIM6_DAC_IRQHandler                               build/startup_stm32f767xx.o
TIM7_IRQHandler                                   build/startup_stm32f767xx.o
TIM8_BRK_TIM12_IRQHandler                         build/startup_stm32f767xx.o
TIM8_CC_IRQHandler                                build/startup_stm32f767xx.o
TIM8_TRG_COM_TIM14_IRQHandler                     build/startup_stm32f767xx.o
TIM8_UP_TIM13_IRQHandler                          build/startup_stm32f767xx.o
UART4_IRQHandler                                  build/startup_stm32f767xx.o
UART5_IRQHandler                                  build/startup_stm32f767xx.o
UART7_IRQHandler                                  build/startup_stm32f767xx.o
UART8_IRQHandler                                  build/startup_stm32f767xx.o
USART1_IRQHandler                                 build/startup_stm32f767xx.o
USART2_IRQHandler                                 build/startup_stm32f767xx.o
USART3_IRQHandler                                 build/startup_stm32f767xx.o
USART6_IRQHandler                                 build/startup_stm32f767xx.o
UsageFault_Handler                                build/stm32f7xx_it.o
WWDG_IRQHandler                                   build/startup_stm32f767xx.o
_Error_Handler                                    build/main.o
__bss_end__                                       /usr/bin/../lib/gcc/arm-none-eabi/7.2.1/../../../../arm-none-eabi/lib/thumb/v7e-m/fpv5/hard/crt0.o
__bss_start__                                     /usr/bin/../lib/gcc/arm-none-eabi/7.2.1/../../../../arm-none-eabi/lib/thumb/v7e-m/fpv5/hard/crt0.o
__call_exitprocs                                  /usr/bin/../lib/gcc/arm-none-eabi/7.2.1/../../../../arm-none-eabi/lib/thumb/v7e-m/fpv5/hard/libc_nano.a(lib_a-exit.o)
__deregister_frame_info                           /usr/bin/../lib/gcc/arm-none-eabi/7.2.1/thumb/v7e-m/fpv5/hard/crtbegin.o
__dso_handle                                      /usr/bin/../lib/gcc/arm-none-eabi/7.2.1/thumb/v7e-m/fpv5/hard/crtbegin.o
__init_array_end                                  /usr/bin/../lib/gcc/arm-none-eabi/7.2.1/../../../../arm-none-eabi/lib/thumb/v7e-m/fpv5/hard/libc_nano.a(lib_a-init.o)
__init_array_start                                /usr/bin/../lib/gcc/arm-none-eabi/7.2.1/../../../../arm-none-eabi/lib/thumb/v7e-m/fpv5/hard/libc_nano.a(lib_a-init.o)
__libc_fini_array                                 /usr/bin/../lib/gcc/arm-none-eabi/7.2.1/../../../../arm-none-eabi/lib/thumb/v7e-m/fpv5/hard/crt0.o
__libc_init_array                                 /usr/bin/../lib/gcc/arm-none-eabi/7.2.1/../../../../arm-none-eabi/lib/thumb/v7e-m/fpv5/hard/libc_nano.a(lib_a-init.o)
                                                  build/startup_stm32f767xx.o
                                                  /usr/bin/../lib/gcc/arm-none-eabi/7.2.1/../../../../arm-none-eabi/lib/thumb/v7e-m/fpv5/hard/crt0.o
__preinit_array_end                               /usr/bin/../lib/gcc/arm-none-eabi/7.2.1/../../../../arm-none-eabi/lib/thumb/v7e-m/fpv5/hard/libc_nano.a(lib_a-init.o)
__preinit_array_start                             /usr/bin/../lib/gcc/arm-none-eabi/7.2.1/../../../../arm-none-eabi/lib/thumb/v7e-m/fpv5/hard/libc_nano.a(lib_a-init.o)
__register_frame_info                             /usr/bin/../lib/gcc/arm-none-eabi/7.2.1/thumb/v7e-m/fpv5/hard/crtbegin.o
__sf_fake_stderr                                  /usr/bin/../lib/gcc/arm-none-eabi/7.2.1/../../../../arm-none-eabi/lib/thumb/v7e-m/fpv5/hard/libc_nano.a(lib_a-impure.o)
__sf_fake_stdin                                   /usr/bin/../lib/gcc/arm-none-eabi/7.2.1/../../../../arm-none-eabi/lib/thumb/v7e-m/fpv5/hard/libc_nano.a(lib_a-impure.o)
__sf_fake_stdout                                  /usr/bin/../lib/gcc/arm-none-eabi/7.2.1/../../../../arm-none-eabi/lib/thumb/v7e-m/fpv5/hard/libc_nano.a(lib_a-impure.o)
__stack                                           /usr/bin/../lib/gcc/arm-none-eabi/7.2.1/../../../../arm-none-eabi/lib/thumb/v7e-m/fpv5/hard/crt0.o
_ebss                                             build/startup_stm32f767xx.o
_edata                                            build/startup_stm32f767xx.o
_estack                                           build/startup_stm32f767xx.o
_exit                                             /usr/bin/../lib/gcc/arm-none-eabi/7.2.1/../../../../arm-none-eabi/lib/thumb/v7e-m/fpv5/hard/libnosys.a(_exit.o)
                                                  /usr/bin/../lib/gcc/arm-none-eabi/7.2.1/../../../../arm-none-eabi/lib/thumb/v7e-m/fpv5/hard/libc_nano.a(lib_a-exit.o)
_fini                                             /usr/bin/../lib/gcc/arm-none-eabi/7.2.1/thumb/v7e-m/fpv5/hard/crti.o
_global_impure_ptr                                /usr/bin/../lib/gcc/arm-none-eabi/7.2.1/../../../../arm-none-eabi/lib/thumb/v7e-m/fpv5/hard/libc_nano.a(lib_a-impure.o)
                                                  /usr/bin/../lib/gcc/arm-none-eabi/7.2.1/../../../../arm-none-eabi/lib/thumb/v7e-m/fpv5/hard/libc_nano.a(lib_a-exit.o)
_impure_ptr                                       /usr/bin/../lib/gcc/arm-none-eabi/7.2.1/../../../../arm-none-eabi/lib/thumb/v7e-m/fpv5/hard/libc_nano.a(lib_a-impure.o)
_init                                             /usr/bin/../lib/gcc/arm-none-eabi/7.2.1/thumb/v7e-m/fpv5/hard/crti.o
                                                  /usr/bin/../lib/gcc/arm-none-eabi/7.2.1/../../../../arm-none-eabi/lib/thumb/v7e-m/fpv5/hard/libc_nano.a(lib_a-init.o)
_mainCRTStartup                                   /usr/bin/../lib/gcc/arm-none-eabi/7.2.1/../../../../arm-none-eabi/lib/thumb/v7e-m/fpv5/hard/crt0.o
_sbss                                             build/startup_stm32f767xx.o
_sdata                                            build/startup_stm32f767xx.o
_sidata                                           build/startup_stm32f767xx.o
_start                                            /usr/bin/../lib/gcc/arm-none-eabi/7.2.1/../../../../arm-none-eabi/lib/thumb/v7e-m/fpv5/hard/crt0.o
atexit                                            /usr/bin/../lib/gcc/arm-none-eabi/7.2.1/../../../../arm-none-eabi/lib/thumb/v7e-m/fpv5/hard/crt0.o
exit                                              /usr/bin/../lib/gcc/arm-none-eabi/7.2.1/../../../../arm-none-eabi/lib/thumb/v7e-m/fpv5/hard/libc_nano.a(lib_a-exit.o)
                                                  /usr/bin/../lib/gcc/arm-none-eabi/7.2.1/../../../../arm-none-eabi/lib/thumb/v7e-m/fpv5/hard/crt0.o
g_pfnVectors                                      build/startup_stm32f767xx.o
hardware_init_hook                                /usr/bin/../lib/gcc/arm-none-eabi/7.2.1/../../../../arm-none-eabi/lib/thumb/v7e-m/fpv5/hard/crt0.o
main                                              build/main.o
                                                  build/startup_stm32f767xx.o
                                                  /usr/bin/../lib/gcc/arm-none-eabi/7.2.1/../../../../arm-none-eabi/lib/thumb/v7e-m/fpv5/hard/crt0.o
memset                                            /usr/bin/../lib/gcc/arm-none-eabi/7.2.1/../../../../arm-none-eabi/lib/thumb/v7e-m/fpv5/hard/libc_nano.a(lib_a-memset.o)
                                                  /usr/bin/../lib/gcc/arm-none-eabi/7.2.1/../../../../arm-none-eabi/lib/thumb/v7e-m/fpv5/hard/crt0.o
software_init_hook                                /usr/bin/../lib/gcc/arm-none-eabi/7.2.1/../../../../arm-none-eabi/lib/thumb/v7e-m/fpv5/hard/crt0.o
